[0.754s] Invoking command in '/home/cayecaji/tfg/src/action_recognition': PYTHONPATH=/home/cayecaji/tfg/src/build/action_recognition/prefix_override:/usr/lib/python3/dist-packages/colcon_core/task/python/colcon_distutils_commands:/home/cayecaji/tfg/src/install/action_recognition/lib/python3.10/site-packages:${PYTHONPATH} /usr/bin/python3 -W ignore:setup.py install is deprecated -W ignore:easy_install command is deprecated setup.py egg_info --egg-base ../build/action_recognition build --build-base /home/cayecaji/tfg/src/build/action_recognition/build install --record /home/cayecaji/tfg/src/build/action_recognition/install.log --single-version-externally-managed install_data
[0.876s] running egg_info
[0.876s] writing ../build/action_recognition/action_recognition.egg-info/PKG-INFO
[0.876s] writing dependency_links to ../build/action_recognition/action_recognition.egg-info/dependency_links.txt
[0.876s] writing entry points to ../build/action_recognition/action_recognition.egg-info/entry_points.txt
[0.876s] writing requirements to ../build/action_recognition/action_recognition.egg-info/requires.txt
[0.876s] writing top-level names to ../build/action_recognition/action_recognition.egg-info/top_level.txt
[0.877s] reading manifest file '../build/action_recognition/action_recognition.egg-info/SOURCES.txt'
[0.882s] writing manifest file '../build/action_recognition/action_recognition.egg-info/SOURCES.txt'
[0.883s] running build
[0.883s] running build_py
[0.883s] copying action_recognition/hri_node.py -> /home/cayecaji/tfg/src/build/action_recognition/build/lib/action_recognition
[0.883s] running install
[0.883s] running install_lib
[0.883s] copying /home/cayecaji/tfg/src/build/action_recognition/build/lib/action_recognition/hri_node.py -> /home/cayecaji/tfg/src/install/action_recognition/lib/python3.10/site-packages/action_recognition
[0.884s] byte-compiling /home/cayecaji/tfg/src/install/action_recognition/lib/python3.10/site-packages/action_recognition/hri_node.py to hri_node.cpython-310.pyc
[0.884s] running install_data
[0.884s] running install_egg_info
[0.885s] removing '/home/cayecaji/tfg/src/install/action_recognition/lib/python3.10/site-packages/action_recognition-0.0.1-py3.10.egg-info' (and everything under it)
[0.885s] Copying ../build/action_recognition/action_recognition.egg-info to /home/cayecaji/tfg/src/install/action_recognition/lib/python3.10/site-packages/action_recognition-0.0.1-py3.10.egg-info
[0.886s] running install_scripts
[0.896s] Installing action_recognition_core script to /home/cayecaji/tfg/src/install/action_recognition/lib/action_recognition
[0.896s] Installing hri_node script to /home/cayecaji/tfg/src/install/action_recognition/lib/action_recognition
[0.896s] Installing tracking_node script to /home/cayecaji/tfg/src/install/action_recognition/lib/action_recognition
[0.896s] writing list of installed files to '/home/cayecaji/tfg/src/build/action_recognition/install.log'
[0.906s] Invoked command in '/home/cayecaji/tfg/src/action_recognition' returned '0': PYTHONPATH=/home/cayecaji/tfg/src/build/action_recognition/prefix_override:/usr/lib/python3/dist-packages/colcon_core/task/python/colcon_distutils_commands:/home/cayecaji/tfg/src/install/action_recognition/lib/python3.10/site-packages:${PYTHONPATH} /usr/bin/python3 -W ignore:setup.py install is deprecated -W ignore:easy_install command is deprecated setup.py egg_info --egg-base ../build/action_recognition build --build-base /home/cayecaji/tfg/src/build/action_recognition/build install --record /home/cayecaji/tfg/src/build/action_recognition/install.log --single-version-externally-managed install_data
