[0.922s] [34mcolcon[0m [1;30mDEBUG[0m [32mCommand line arguments: ['/usr/bin/colcon', 'build'][0m
[0.922s] [34mcolcon[0m [1;30mDEBUG[0m [32mParsed command line arguments: Namespace(log_base=None, log_level=None, verb_name='build', build_base='build', install_base='install', merge_install=False, symlink_install=False, test_result_base=None, continue_on_error=False, executor='parallel', parallel_workers=20, event_handlers=None, ignore_user_meta=False, metas=['./colcon.meta'], base_paths=['.'], packages_ignore=None, packages_ignore_regex=None, paths=None, packages_up_to=None, packages_up_to_regex=None, packages_above=None, packages_above_and_dependencies=None, packages_above_depth=None, packages_select_by_dep=None, packages_skip_by_dep=None, packages_skip_up_to=None, packages_select_build_failed=False, packages_skip_build_finished=False, packages_select_test_failures=False, packages_skip_test_passed=False, packages_select=None, packages_skip=None, packages_select_regex=None, packages_skip_regex=None, packages_start=None, packages_end=None, allow_overriding=[], cmake_args=None, cmake_target=None, cmake_target_skip_unavailable=False, cmake_clean_cache=False, cmake_clean_first=False, cmake_force_configure=False, ament_cmake_args=None, catkin_cmake_args=None, catkin_skip_building_tests=False, mixin_files=None, mixin=None, verb_parser=<colcon_mixin.mixin.mixin_argument.MixinArgumentDecorator object at 0x77433664cc10>, verb_extension=<colcon_core.verb.build.BuildVerb object at 0x774336739ba0>, main=<bound method BuildVerb.main of <colcon_core.verb.build.BuildVerb object at 0x774336739ba0>>, mixin_verb=('build',))[0m
[1.649s] [34mcolcon.colcon_core.package_discovery[0m [1;30mLevel 1[0m discover_packages(colcon_meta) check parameters
[1.649s] [34mcolcon.colcon_core.package_discovery[0m [1;30mLevel 1[0m discover_packages(recursive) check parameters
[1.649s] [34mcolcon.colcon_core.package_discovery[0m [1;30mLevel 1[0m discover_packages(ignore) check parameters
[1.649s] [34mcolcon.colcon_core.package_discovery[0m [1;30mLevel 1[0m discover_packages(path) check parameters
[1.649s] [34mcolcon.colcon_core.package_discovery[0m [1;30mLevel 1[0m discover_packages(colcon_meta) discover
[1.649s] [34mcolcon.colcon_core.package_discovery[0m [1;30mLevel 1[0m discover_packages(recursive) discover
[1.650s] [34mcolcon.colcon_core.package_discovery[0m [1;30mINFO[0m Crawling recursively for packages in '/home/cayecaji/tfg/src'
[1.650s] [34mcolcon.colcon_core.package_identification[0m [1;30mLevel 1[0m _identify(.) by extensions ['ignore', 'ignore_ament_install']
[1.650s] [34mcolcon.colcon_core.package_identification[0m [1;30mLevel 1[0m _identify(.) by extension 'ignore'
[1.650s] [34mcolcon.colcon_core.package_identification[0m [1;30mLevel 1[0m _identify(.) by extension 'ignore_ament_install'
[1.650s] [34mcolcon.colcon_core.package_identification[0m [1;30mLevel 1[0m _identify(.) by extensions ['colcon_pkg']
[1.650s] [34mcolcon.colcon_core.package_identification[0m [1;30mLevel 1[0m _identify(.) by extension 'colcon_pkg'
[1.650s] [34mcolcon.colcon_core.package_identification[0m [1;30mLevel 1[0m _identify(.) by extensions ['colcon_meta']
[1.650s] [34mcolcon.colcon_core.package_identification[0m [1;30mLevel 1[0m _identify(.) by extension 'colcon_meta'
[1.650s] [34mcolcon.colcon_core.package_identification[0m [1;30mLevel 1[0m _identify(.) by extensions ['ros']
[1.650s] [34mcolcon.colcon_core.package_identification[0m [1;30mLevel 1[0m _identify(.) by extension 'ros'
[1.662s] [34mcolcon.colcon_core.package_identification[0m [1;30mLevel 1[0m _identify(.) by extensions ['cmake', 'python']
[1.662s] [34mcolcon.colcon_core.package_identification[0m [1;30mLevel 1[0m _identify(.) by extension 'cmake'
[1.662s] [34mcolcon.colcon_core.package_identification[0m [1;30mLevel 1[0m _identify(.) by extension 'python'
[1.662s] [34mcolcon.colcon_core.package_identification[0m [1;30mLevel 1[0m _identify(.) by extensions ['python_setup_py']
[1.662s] [34mcolcon.colcon_core.package_identification[0m [1;30mLevel 1[0m _identify(.) by extension 'python_setup_py'
[1.662s] [34mcolcon.colcon_core.package_identification[0m [1;30mLevel 1[0m _identify(action_recognition) by extensions ['ignore', 'ignore_ament_install']
[1.662s] [34mcolcon.colcon_core.package_identification[0m [1;30mLevel 1[0m _identify(action_recognition) by extension 'ignore'
[1.662s] [34mcolcon.colcon_core.package_identification[0m [1;30mLevel 1[0m _identify(action_recognition) by extension 'ignore_ament_install'
[1.662s] [34mcolcon.colcon_core.package_identification[0m [1;30mLevel 1[0m _identify(action_recognition) by extensions ['colcon_pkg']
[1.662s] [34mcolcon.colcon_core.package_identification[0m [1;30mLevel 1[0m _identify(action_recognition) by extension 'colcon_pkg'
[1.662s] [34mcolcon.colcon_core.package_identification[0m [1;30mLevel 1[0m _identify(action_recognition) by extensions ['colcon_meta']
[1.662s] [34mcolcon.colcon_core.package_identification[0m [1;30mLevel 1[0m _identify(action_recognition) by extension 'colcon_meta'
[1.662s] [34mcolcon.colcon_core.package_identification[0m [1;30mLevel 1[0m _identify(action_recognition) by extensions ['ros']
[1.662s] [34mcolcon.colcon_core.package_identification[0m [1;30mLevel 1[0m _identify(action_recognition) by extension 'ros'
[1.664s] [34mcolcon.colcon_core.package_identification[0m [1;30mDEBUG[0m [32mPackage 'action_recognition' with type 'ros.ament_python' and name 'action_recognition'[0m
[1.664s] [34mcolcon.colcon_core.package_identification[0m [1;30mLevel 1[0m _identify(build) by extensions ['ignore', 'ignore_ament_install']
[1.665s] [34mcolcon.colcon_core.package_identification[0m [1;30mLevel 1[0m _identify(build) by extension 'ignore'
[1.665s] [34mcolcon.colcon_core.package_identification[0m [1;30mLevel 1[0m _identify(build) ignored
[1.665s] [34mcolcon.colcon_core.package_identification[0m [1;30mLevel 1[0m _identify(install) by extensions ['ignore', 'ignore_ament_install']
[1.665s] [34mcolcon.colcon_core.package_identification[0m [1;30mLevel 1[0m _identify(install) by extension 'ignore'
[1.665s] [34mcolcon.colcon_core.package_identification[0m [1;30mLevel 1[0m _identify(install) ignored
[1.665s] [34mcolcon.colcon_core.package_identification[0m [1;30mLevel 1[0m _identify(launch) by extensions ['ignore', 'ignore_ament_install']
[1.665s] [34mcolcon.colcon_core.package_identification[0m [1;30mLevel 1[0m _identify(launch) by extension 'ignore'
[1.665s] [34mcolcon.colcon_core.package_identification[0m [1;30mLevel 1[0m _identify(launch) by extension 'ignore_ament_install'
[1.665s] [34mcolcon.colcon_core.package_identification[0m [1;30mLevel 1[0m _identify(launch) by extensions ['colcon_pkg']
[1.665s] [34mcolcon.colcon_core.package_identification[0m [1;30mLevel 1[0m _identify(launch) by extension 'colcon_pkg'
[1.665s] [34mcolcon.colcon_core.package_identification[0m [1;30mLevel 1[0m _identify(launch) by extensions ['colcon_meta']
[1.665s] [34mcolcon.colcon_core.package_identification[0m [1;30mLevel 1[0m _identify(launch) by extension 'colcon_meta'
[1.665s] [34mcolcon.colcon_core.package_identification[0m [1;30mLevel 1[0m _identify(launch) by extensions ['ros']
[1.665s] [34mcolcon.colcon_core.package_identification[0m [1;30mLevel 1[0m _identify(launch) by extension 'ros'
[1.665s] [34mcolcon.colcon_core.package_identification[0m [1;30mLevel 1[0m _identify(launch) by extensions ['cmake', 'python']
[1.665s] [34mcolcon.colcon_core.package_identification[0m [1;30mLevel 1[0m _identify(launch) by extension 'cmake'
[1.665s] [34mcolcon.colcon_core.package_identification[0m [1;30mLevel 1[0m _identify(launch) by extension 'python'
[1.665s] [34mcolcon.colcon_core.package_identification[0m [1;30mLevel 1[0m _identify(launch) by extensions ['python_setup_py']
[1.665s] [34mcolcon.colcon_core.package_identification[0m [1;30mLevel 1[0m _identify(launch) by extension 'python_setup_py'
[1.665s] [34mcolcon.colcon_core.package_identification[0m [1;30mLevel 1[0m _identify(launch/__pycache__) by extensions ['ignore', 'ignore_ament_install']
[1.665s] [34mcolcon.colcon_core.package_identification[0m [1;30mLevel 1[0m _identify(launch/__pycache__) by extension 'ignore'
[1.665s] [34mcolcon.colcon_core.package_identification[0m [1;30mLevel 1[0m _identify(launch/__pycache__) by extension 'ignore_ament_install'
[1.666s] [34mcolcon.colcon_core.package_identification[0m [1;30mLevel 1[0m _identify(launch/__pycache__) by extensions ['colcon_pkg']
[1.666s] [34mcolcon.colcon_core.package_identification[0m [1;30mLevel 1[0m _identify(launch/__pycache__) by extension 'colcon_pkg'
[1.666s] [34mcolcon.colcon_core.package_identification[0m [1;30mLevel 1[0m _identify(launch/__pycache__) by extensions ['colcon_meta']
[1.666s] [34mcolcon.colcon_core.package_identification[0m [1;30mLevel 1[0m _identify(launch/__pycache__) by extension 'colcon_meta'
[1.666s] [34mcolcon.colcon_core.package_identification[0m [1;30mLevel 1[0m _identify(launch/__pycache__) by extensions ['ros']
[1.666s] [34mcolcon.colcon_core.package_identification[0m [1;30mLevel 1[0m _identify(launch/__pycache__) by extension 'ros'
[1.666s] [34mcolcon.colcon_core.package_identification[0m [1;30mLevel 1[0m _identify(launch/__pycache__) by extensions ['cmake', 'python']
[1.666s] [34mcolcon.colcon_core.package_identification[0m [1;30mLevel 1[0m _identify(launch/__pycache__) by extension 'cmake'
[1.666s] [34mcolcon.colcon_core.package_identification[0m [1;30mLevel 1[0m _identify(launch/__pycache__) by extension 'python'
[1.666s] [34mcolcon.colcon_core.package_identification[0m [1;30mLevel 1[0m _identify(launch/__pycache__) by extensions ['python_setup_py']
[1.666s] [34mcolcon.colcon_core.package_identification[0m [1;30mLevel 1[0m _identify(launch/__pycache__) by extension 'python_setup_py'
[1.666s] [34mcolcon.colcon_core.package_identification[0m [1;30mLevel 1[0m _identify(log) by extensions ['ignore', 'ignore_ament_install']
[1.666s] [34mcolcon.colcon_core.package_identification[0m [1;30mLevel 1[0m _identify(log) by extension 'ignore'
[1.666s] [34mcolcon.colcon_core.package_identification[0m [1;30mLevel 1[0m _identify(log) ignored
[1.666s] [34mcolcon.colcon_core.package_discovery[0m [1;30mLevel 1[0m discover_packages(recursive) using defaults
[1.666s] [34mcolcon.colcon_core.package_discovery[0m [1;30mLevel 1[0m discover_packages(ignore) discover
[1.666s] [34mcolcon.colcon_core.package_discovery[0m [1;30mLevel 1[0m discover_packages(ignore) using defaults
[1.666s] [34mcolcon.colcon_core.package_discovery[0m [1;30mLevel 1[0m discover_packages(path) discover
[1.666s] [34mcolcon.colcon_core.package_discovery[0m [1;30mLevel 1[0m discover_packages(path) using defaults
[1.678s] [34mcolcon.colcon_core.package_discovery[0m [1;30mLevel 1[0m discover_packages(prefix_path) check parameters
[1.678s] [34mcolcon.colcon_core.package_discovery[0m [1;30mLevel 1[0m discover_packages(prefix_path) discover
[1.680s] [34mcolcon.colcon_installed_package_information.package_discovery[0m [1;30mDEBUG[0m [32mFound 1 installed packages in /home/cayecaji/tfg/install[0m
[1.681s] [34mcolcon.colcon_installed_package_information.package_discovery[0m [1;30mDEBUG[0m [32mFound 325 installed packages in /opt/ros/humble[0m
[1.681s] [34mcolcon.colcon_core.package_discovery[0m [1;30mLevel 1[0m discover_packages(prefix_path) using defaults
[1.700s] [34mcolcon.colcon_core.verb[0m [1;30mLevel 5[0m set package 'action_recognition' build argument 'cmake_args' from command line to 'None'
[1.700s] [34mcolcon.colcon_core.verb[0m [1;30mLevel 5[0m set package 'action_recognition' build argument 'cmake_target' from command line to 'None'
[1.700s] [34mcolcon.colcon_core.verb[0m [1;30mLevel 5[0m set package 'action_recognition' build argument 'cmake_target_skip_unavailable' from command line to 'False'
[1.700s] [34mcolcon.colcon_core.verb[0m [1;30mLevel 5[0m set package 'action_recognition' build argument 'cmake_clean_cache' from command line to 'False'
[1.700s] [34mcolcon.colcon_core.verb[0m [1;30mLevel 5[0m set package 'action_recognition' build argument 'cmake_clean_first' from command line to 'False'
[1.700s] [34mcolcon.colcon_core.verb[0m [1;30mLevel 5[0m set package 'action_recognition' build argument 'cmake_force_configure' from command line to 'False'
[1.700s] [34mcolcon.colcon_core.verb[0m [1;30mLevel 5[0m set package 'action_recognition' build argument 'ament_cmake_args' from command line to 'None'
[1.700s] [34mcolcon.colcon_core.verb[0m [1;30mLevel 5[0m set package 'action_recognition' build argument 'catkin_cmake_args' from command line to 'None'
[1.700s] [34mcolcon.colcon_core.verb[0m [1;30mLevel 5[0m set package 'action_recognition' build argument 'catkin_skip_building_tests' from command line to 'False'
[1.700s] [34mcolcon.colcon_core.verb[0m [1;30mDEBUG[0m [32mBuilding package 'action_recognition' with the following arguments: {'ament_cmake_args': None, 'build_base': '/home/cayecaji/tfg/src/build/action_recognition', 'catkin_cmake_args': None, 'catkin_skip_building_tests': False, 'cmake_args': None, 'cmake_clean_cache': False, 'cmake_clean_first': False, 'cmake_force_configure': False, 'cmake_target': None, 'cmake_target_skip_unavailable': False, 'install_base': '/home/cayecaji/tfg/src/install/action_recognition', 'merge_install': False, 'path': '/home/cayecaji/tfg/src/action_recognition', 'symlink_install': False, 'test_result_base': None}[0m
[1.700s] [34mcolcon.colcon_core.executor[0m [1;30mINFO[0m Executing jobs using 'parallel' executor
[1.700s] [34mcolcon.colcon_parallel_executor.executor.parallel[0m [1;30mDEBUG[0m [32mrun_until_complete[0m
[1.700s] [34mcolcon.colcon_ros.task.ament_python.build[0m [1;30mINFO[0m Building ROS package in '/home/cayecaji/tfg/src/action_recognition' with build type 'ament_python'
[1.701s] [34mcolcon.colcon_core.shell[0m [1;30mLevel 1[0m create_environment_hook('action_recognition', 'ament_prefix_path')
[1.704s] [34mcolcon.colcon_core.plugin_system[0m [1;30mINFO[0m Skipping extension 'colcon_core.shell.bat': Not used on non-Windows systems
[1.704s] [34mcolcon.colcon_core.shell[0m [1;30mINFO[0m Creating environment hook '/home/cayecaji/tfg/src/install/action_recognition/share/action_recognition/hook/ament_prefix_path.ps1'
[1.705s] [34mcolcon.colcon_core.shell[0m [1;30mINFO[0m Creating environment descriptor '/home/cayecaji/tfg/src/install/action_recognition/share/action_recognition/hook/ament_prefix_path.dsv'
[1.706s] [34mcolcon.colcon_core.shell[0m [1;30mINFO[0m Creating environment hook '/home/cayecaji/tfg/src/install/action_recognition/share/action_recognition/hook/ament_prefix_path.sh'
[1.706s] [34mcolcon.colcon_core.shell[0m [1;30mINFO[0m Skip shell extension 'powershell' for command environment: Not usable outside of PowerShell
[1.706s] [34mcolcon.colcon_core.shell[0m [1;30mDEBUG[0m [32mSkip shell extension 'dsv' for command environment[0m
[1.863s] [34mcolcon.colcon_core.task.python.build[0m [1;30mINFO[0m Building Python package in '/home/cayecaji/tfg/src/action_recognition'
[1.863s] [34mcolcon.colcon_core.shell[0m [1;30mINFO[0m Skip shell extension 'powershell' for command environment: Not usable outside of PowerShell
[1.863s] [34mcolcon.colcon_core.shell[0m [1;30mDEBUG[0m [32mSkip shell extension 'dsv' for command environment[0m
[2.251s] [34mcolcon.colcon_core.event_handler.log_command[0m [1;30mDEBUG[0m [32mInvoking command in '/home/cayecaji/tfg/src/action_recognition': PYTHONPATH=/home/cayecaji/tfg/src/build/action_recognition/prefix_override:/usr/lib/python3/dist-packages/colcon_core/task/python/colcon_distutils_commands:/home/cayecaji/tfg/src/install/action_recognition/lib/python3.10/site-packages:${PYTHONPATH} /usr/bin/python3 -W ignore:setup.py install is deprecated -W ignore:easy_install command is deprecated setup.py egg_info --egg-base ../build/action_recognition build --build-base /home/cayecaji/tfg/src/build/action_recognition/build install --record /home/cayecaji/tfg/src/build/action_recognition/install.log --single-version-externally-managed install_data[0m
[2.416s] [34mcolcon.colcon_core.event_handler.log_command[0m [1;30mDEBUG[0m [32mInvoked command in '/home/cayecaji/tfg/src/action_recognition' returned '0': PYTHONPATH=/home/cayecaji/tfg/src/build/action_recognition/prefix_override:/usr/lib/python3/dist-packages/colcon_core/task/python/colcon_distutils_commands:/home/cayecaji/tfg/src/install/action_recognition/lib/python3.10/site-packages:${PYTHONPATH} /usr/bin/python3 -W ignore:setup.py install is deprecated -W ignore:easy_install command is deprecated setup.py egg_info --egg-base ../build/action_recognition build --build-base /home/cayecaji/tfg/src/build/action_recognition/build install --record /home/cayecaji/tfg/src/build/action_recognition/install.log --single-version-externally-managed install_data[0m
[2.445s] [34mcolcon.colcon_core.environment[0m [1;30mLevel 1[0m checking '/home/cayecaji/tfg/src/install/action_recognition' for CMake module files
[2.446s] [34mcolcon.colcon_core.environment[0m [1;30mLevel 1[0m checking '/home/cayecaji/tfg/src/install/action_recognition' for CMake config files
[2.448s] [34mcolcon.colcon_core.environment[0m [1;30mLevel 1[0m checking '/home/cayecaji/tfg/src/install/action_recognition/lib'
[2.448s] [34mcolcon.colcon_core.environment[0m [1;30mLevel 1[0m checking '/home/cayecaji/tfg/src/install/action_recognition/bin'
[2.448s] [34mcolcon.colcon_core.environment[0m [1;30mLevel 1[0m checking '/home/cayecaji/tfg/src/install/action_recognition/lib/pkgconfig/action_recognition.pc'
[2.448s] [34mcolcon.colcon_core.environment[0m [1;30mLevel 1[0m checking '/home/cayecaji/tfg/src/install/action_recognition/lib/python3.10/site-packages'
[2.448s] [34mcolcon.colcon_core.shell[0m [1;30mLevel 1[0m create_environment_hook('action_recognition', 'pythonpath')
[2.448s] [34mcolcon.colcon_core.shell[0m [1;30mINFO[0m Creating environment hook '/home/cayecaji/tfg/src/install/action_recognition/share/action_recognition/hook/pythonpath.ps1'
[2.448s] [34mcolcon.colcon_core.shell[0m [1;30mINFO[0m Creating environment descriptor '/home/cayecaji/tfg/src/install/action_recognition/share/action_recognition/hook/pythonpath.dsv'
[2.449s] [34mcolcon.colcon_core.shell[0m [1;30mINFO[0m Creating environment hook '/home/cayecaji/tfg/src/install/action_recognition/share/action_recognition/hook/pythonpath.sh'
[2.449s] [34mcolcon.colcon_core.environment[0m [1;30mLevel 1[0m checking '/home/cayecaji/tfg/src/install/action_recognition/bin'
[2.449s] [34mcolcon.colcon_core.environment[0m [1;30mLevel 1[0m create_environment_scripts_only(action_recognition)
[2.449s] [34mcolcon.colcon_core.shell[0m [1;30mINFO[0m Creating package script '/home/cayecaji/tfg/src/install/action_recognition/share/action_recognition/package.ps1'
[2.450s] [34mcolcon.colcon_core.shell[0m [1;30mINFO[0m Creating package descriptor '/home/cayecaji/tfg/src/install/action_recognition/share/action_recognition/package.dsv'
[2.450s] [34mcolcon.colcon_core.shell[0m [1;30mINFO[0m Creating package script '/home/cayecaji/tfg/src/install/action_recognition/share/action_recognition/package.sh'
[2.450s] [34mcolcon.colcon_core.shell[0m [1;30mINFO[0m Creating package script '/home/cayecaji/tfg/src/install/action_recognition/share/action_recognition/package.bash'
[2.451s] [34mcolcon.colcon_core.shell[0m [1;30mINFO[0m Creating package script '/home/cayecaji/tfg/src/install/action_recognition/share/action_recognition/package.zsh'
[2.452s] [34mcolcon.colcon_core.environment[0m [1;30mLevel 1[0m create_file_with_runtime_dependencies(/home/cayecaji/tfg/src/install/action_recognition/share/colcon-core/packages/action_recognition)
[2.452s] [34mcolcon.colcon_parallel_executor.executor.parallel[0m [1;30mDEBUG[0m [32mclosing loop[0m
[2.452s] [34mcolcon.colcon_parallel_executor.executor.parallel[0m [1;30mDEBUG[0m [32mloop closed[0m
[2.452s] [34mcolcon.colcon_parallel_executor.executor.parallel[0m [1;30mDEBUG[0m [32mrun_until_complete finished with '0'[0m
[2.452s] [34mcolcon.colcon_core.event_reactor[0m [1;30mDEBUG[0m [32mjoining thread[0m
[2.490s] [34mcolcon.colcon_core.plugin_system[0m [1;30mINFO[0m Skipping extension 'colcon_notification.desktop_notification.notify_send': Could not find 'notify-send'
[2.490s] [34mcolcon.colcon_core.plugin_system[0m [1;30mINFO[0m Skipping extension 'colcon_notification.desktop_notification.terminal_notifier': Not used on non-Darwin systems
[2.490s] [34mcolcon.colcon_core.plugin_system[0m [1;30mINFO[0m Skipping extension 'colcon_notification.desktop_notification.win32': Not used on non-Windows systems
[2.490s] [34mcolcon.colcon_notification.desktop_notification[0m [1;30mINFO[0m Sending desktop notification using 'notify2'
[2.490s] [34mcolcon.colcon_notification.desktop_notification.notify2[0m [1;30mDEBUG[0m [32mFailed to initialize notify2: org.freedesktop.DBus.Error.FileNotFound: Failed to connect to socket /run/user/1000/bus: No such file or directory[0m
[2.491s] [34mcolcon.colcon_core.event_reactor[0m [1;30mDEBUG[0m [32mjoined thread[0m
[2.491s] [34mcolcon.colcon_core.shell[0m [1;30mINFO[0m Creating prefix script '/home/cayecaji/tfg/src/install/local_setup.ps1'
[2.492s] [34mcolcon.colcon_core.shell[0m [1;30mINFO[0m Creating prefix util module '/home/cayecaji/tfg/src/install/_local_setup_util_ps1.py'
[2.495s] [34mcolcon.colcon_core.shell[0m [1;30mINFO[0m Creating prefix chain script '/home/cayecaji/tfg/src/install/setup.ps1'
[2.496s] [34mcolcon.colcon_core.shell[0m [1;30mINFO[0m Creating prefix script '/home/cayecaji/tfg/src/install/local_setup.sh'
[2.498s] [34mcolcon.colcon_core.shell[0m [1;30mINFO[0m Creating prefix util module '/home/cayecaji/tfg/src/install/_local_setup_util_sh.py'
[2.499s] [34mcolcon.colcon_core.shell[0m [1;30mINFO[0m Creating prefix chain script '/home/cayecaji/tfg/src/install/setup.sh'
[2.500s] [34mcolcon.colcon_core.shell[0m [1;30mINFO[0m Creating prefix script '/home/cayecaji/tfg/src/install/local_setup.bash'
[2.503s] [34mcolcon.colcon_core.shell[0m [1;30mINFO[0m Creating prefix chain script '/home/cayecaji/tfg/src/install/setup.bash'
[2.504s] [34mcolcon.colcon_core.shell[0m [1;30mINFO[0m Creating prefix script '/home/cayecaji/tfg/src/install/local_setup.zsh'
[2.507s] [34mcolcon.colcon_core.shell[0m [1;30mINFO[0m Creating prefix chain script '/home/cayecaji/tfg/src/install/setup.zsh'
