/home/cayecaji/tfg_edge__GPU/install/action_recognition/lib/python3.10/site-packages/action_recognition/tracking_node.py
/home/cayecaji/tfg_edge__GPU/install/action_recognition/lib/python3.10/site-packages/action_recognition/hri_node.py
/home/cayecaji/tfg_edge__GPU/install/action_recognition/lib/python3.10/site-packages/action_recognition/__init__.py
/home/cayecaji/tfg_edge__GPU/install/action_recognition/lib/python3.10/site-packages/action_recognition/action_recognition_core.py
/home/cayecaji/tfg_edge__GPU/install/action_recognition/lib/python3.10/site-packages/action_recognition/prompts/llm_voting_prompt.py
/home/cayecaji/tfg_edge__GPU/install/action_recognition/lib/python3.10/site-packages/action_recognition/prompts/llm_action_prediction_prompt.py
/home/cayecaji/tfg_edge__GPU/install/action_recognition/lib/python3.10/site-packages/action_recognition/prompts/lvlm_scene_description_prompt.py
/home/cayecaji/tfg_edge__GPU/install/action_recognition/lib/python3.10/site-packages/action_recognition/prompts/__init__.py
/home/cayecaji/tfg_edge__GPU/install/action_recognition/lib/python3.10/site-packages/action_recognition/__pycache__/tracking_node.cpython-310.pyc
/home/cayecaji/tfg_edge__GPU/install/action_recognition/lib/python3.10/site-packages/action_recognition/__pycache__/hri_node.cpython-310.pyc
/home/cayecaji/tfg_edge__GPU/install/action_recognition/lib/python3.10/site-packages/action_recognition/__pycache__/__init__.cpython-310.pyc
/home/cayecaji/tfg_edge__GPU/install/action_recognition/lib/python3.10/site-packages/action_recognition/__pycache__/action_recognition_core.cpython-310.pyc
/home/cayecaji/tfg_edge__GPU/install/action_recognition/lib/python3.10/site-packages/action_recognition/prompts/__pycache__/llm_voting_prompt.cpython-310.pyc
/home/cayecaji/tfg_edge__GPU/install/action_recognition/lib/python3.10/site-packages/action_recognition/prompts/__pycache__/llm_action_prediction_prompt.cpython-310.pyc
/home/cayecaji/tfg_edge__GPU/install/action_recognition/lib/python3.10/site-packages/action_recognition/prompts/__pycache__/lvlm_scene_description_prompt.cpython-310.pyc
/home/cayecaji/tfg_edge__GPU/install/action_recognition/lib/python3.10/site-packages/action_recognition/prompts/__pycache__/__init__.cpython-310.pyc
/home/cayecaji/tfg_edge__GPU/install/action_recognition/share/ament_index/resource_index/packages/action_recognition
/home/cayecaji/tfg_edge__GPU/install/action_recognition/share/action_recognition/package.xml
/home/cayecaji/tfg_edge__GPU/install/action_recognition/share/action_recognition/launch/action_recognition_launch.py
/home/cayecaji/tfg_edge__GPU/install/action_recognition/share/action_recognition/config
/home/cayecaji/tfg_edge__GPU/install/action_recognition/lib/python3.10/site-packages/action_recognition-0.0.1-py3.10.egg-info/entry_points.txt
/home/cayecaji/tfg_edge__GPU/install/action_recognition/lib/python3.10/site-packages/action_recognition-0.0.1-py3.10.egg-info/requires.txt
/home/cayecaji/tfg_edge__GPU/install/action_recognition/lib/python3.10/site-packages/action_recognition-0.0.1-py3.10.egg-info/SOURCES.txt
/home/cayecaji/tfg_edge__GPU/install/action_recognition/lib/python3.10/site-packages/action_recognition-0.0.1-py3.10.egg-info/top_level.txt
/home/cayecaji/tfg_edge__GPU/install/action_recognition/lib/python3.10/site-packages/action_recognition-0.0.1-py3.10.egg-info/dependency_links.txt
/home/cayecaji/tfg_edge__GPU/install/action_recognition/lib/python3.10/site-packages/action_recognition-0.0.1-py3.10.egg-info/PKG-INFO
/home/cayecaji/tfg_edge__GPU/install/action_recognition/lib/python3.10/site-packages/action_recognition-0.0.1-py3.10.egg-info/zip-safe
/home/cayecaji/tfg_edge__GPU/install/action_recognition/lib/action_recognition/action_recognition_core
/home/cayecaji/tfg_edge__GPU/install/action_recognition/lib/action_recognition/hri_node
/home/cayecaji/tfg_edge__GPU/install/action_recognition/lib/action_recognition/tracking_node
