[0.911s] Invoking command in '/home/cayecaji/tfg/src/action_recognition': PYTHONPATH=/home/cayecaji/tfg/src/build/action_recognition/prefix_override:/usr/lib/python3/dist-packages/colcon_core/task/python/colcon_distutils_commands:/home/cayecaji/tfg/src/install/action_recognition/lib/python3.10/site-packages:${PYTHONPATH} /usr/bin/python3 -W ignore:setup.py install is deprecated -W ignore:easy_install command is deprecated setup.py egg_info --egg-base ../build/action_recognition build --build-base /home/cayecaji/tfg/src/build/action_recognition/build install --record /home/cayecaji/tfg/src/build/action_recognition/install.log --single-version-externally-managed install_data
[1.045s] running egg_info
[1.045s] writing ../build/action_recognition/action_recognition.egg-info/PKG-INFO
[1.046s] writing dependency_links to ../build/action_recognition/action_recognition.egg-info/dependency_links.txt
[1.046s] writing entry points to ../build/action_recognition/action_recognition.egg-info/entry_points.txt
[1.046s] writing requirements to ../build/action_recognition/action_recognition.egg-info/requires.txt
[1.046s] writing top-level names to ../build/action_recognition/action_recognition.egg-info/top_level.txt
[1.049s] reading manifest file '../build/action_recognition/action_recognition.egg-info/SOURCES.txt'
[1.053s] writing manifest file '../build/action_recognition/action_recognition.egg-info/SOURCES.txt'
[1.053s] running build
[1.053s] running build_py
[1.053s] copying action_recognition/tracking_node.py -> /home/cayecaji/tfg/src/build/action_recognition/build/lib/action_recognition
[1.057s] running install
[1.058s] running install_lib
[1.059s] copying /home/cayecaji/tfg/src/build/action_recognition/build/lib/action_recognition/tracking_node.py -> /home/cayecaji/tfg/src/install/action_recognition/lib/python3.10/site-packages/action_recognition
[1.065s] byte-compiling /home/cayecaji/tfg/src/install/action_recognition/lib/python3.10/site-packages/action_recognition/tracking_node.py to tracking_node.cpython-310.pyc
[1.066s] running install_data
[1.066s] running install_egg_info
[1.067s] removing '/home/cayecaji/tfg/src/install/action_recognition/lib/python3.10/site-packages/action_recognition-0.0.1-py3.10.egg-info' (and everything under it)
[1.067s] Copying ../build/action_recognition/action_recognition.egg-info to /home/cayecaji/tfg/src/install/action_recognition/lib/python3.10/site-packages/action_recognition-0.0.1-py3.10.egg-info
[1.068s] running install_scripts
[1.079s] Installing action_recognition_core script to /home/cayecaji/tfg/src/install/action_recognition/lib/action_recognition
[1.080s] Installing hri_node script to /home/cayecaji/tfg/src/install/action_recognition/lib/action_recognition
[1.080s] Installing tracking_node script to /home/cayecaji/tfg/src/install/action_recognition/lib/action_recognition
[1.080s] writing list of installed files to '/home/cayecaji/tfg/src/build/action_recognition/install.log'
[1.091s] Invoked command in '/home/cayecaji/tfg/src/action_recognition' returned '0': PYTHONPATH=/home/cayecaji/tfg/src/build/action_recognition/prefix_override:/usr/lib/python3/dist-packages/colcon_core/task/python/colcon_distutils_commands:/home/cayecaji/tfg/src/install/action_recognition/lib/python3.10/site-packages:${PYTHONPATH} /usr/bin/python3 -W ignore:setup.py install is deprecated -W ignore:easy_install command is deprecated setup.py egg_info --egg-base ../build/action_recognition build --build-base /home/cayecaji/tfg/src/build/action_recognition/build install --record /home/cayecaji/tfg/src/build/action_recognition/install.log --single-version-externally-managed install_data
