[0.902s] Invoking command in '/home/cayecaji/tfg_edge__GPU/src/action_recognition': PYTHONPATH=/home/cayecaji/tfg_edge__GPU/src/build/action_recognition/prefix_override:/usr/lib/python3/dist-packages/colcon_core/task/python/colcon_distutils_commands:/home/cayecaji/tfg_edge__GPU/src/install/action_recognition/lib/python3.10/site-packages:${PYTHONPATH} /usr/bin/python3 -W ignore:setup.py install is deprecated -W ignore:easy_install command is deprecated setup.py egg_info --egg-base ../build/action_recognition build --build-base /home/cayecaji/tfg_edge__GPU/src/build/action_recognition/build install --record /home/cayecaji/tfg_edge__GPU/src/build/action_recognition/install.log --single-version-externally-managed install_data
[1.041s] running egg_info
[1.041s] writing ../build/action_recognition/action_recognition.egg-info/PKG-INFO
[1.042s] writing dependency_links to ../build/action_recognition/action_recognition.egg-info/dependency_links.txt
[1.043s] writing entry points to ../build/action_recognition/action_recognition.egg-info/entry_points.txt
[1.043s] writing requirements to ../build/action_recognition/action_recognition.egg-info/requires.txt
[1.043s] writing top-level names to ../build/action_recognition/action_recognition.egg-info/top_level.txt
[1.045s] reading manifest file '../build/action_recognition/action_recognition.egg-info/SOURCES.txt'
[1.049s] writing manifest file '../build/action_recognition/action_recognition.egg-info/SOURCES.txt'
[1.049s] running build
[1.049s] running build_py
[1.050s] running install
[1.050s] running install_lib
[1.057s] running install_data
[1.057s] running install_egg_info
[1.058s] removing '/home/cayecaji/tfg_edge__GPU/src/install/action_recognition/lib/python3.10/site-packages/action_recognition-0.0.1-py3.10.egg-info' (and everything under it)
[1.058s] Copying ../build/action_recognition/action_recognition.egg-info to /home/cayecaji/tfg_edge__GPU/src/install/action_recognition/lib/python3.10/site-packages/action_recognition-0.0.1-py3.10.egg-info
[1.061s] running install_scripts
[1.072s] Installing action_recognition_core script to /home/cayecaji/tfg_edge__GPU/src/install/action_recognition/lib/action_recognition
[1.072s] Installing hri_node script to /home/cayecaji/tfg_edge__GPU/src/install/action_recognition/lib/action_recognition
[1.072s] Installing tracking_node script to /home/cayecaji/tfg_edge__GPU/src/install/action_recognition/lib/action_recognition
[1.072s] writing list of installed files to '/home/cayecaji/tfg_edge__GPU/src/build/action_recognition/install.log'
[1.084s] Invoked command in '/home/cayecaji/tfg_edge__GPU/src/action_recognition' returned '0': PYTHONPATH=/home/cayecaji/tfg_edge__GPU/src/build/action_recognition/prefix_override:/usr/lib/python3/dist-packages/colcon_core/task/python/colcon_distutils_commands:/home/cayecaji/tfg_edge__GPU/src/install/action_recognition/lib/python3.10/site-packages:${PYTHONPATH} /usr/bin/python3 -W ignore:setup.py install is deprecated -W ignore:easy_install command is deprecated setup.py egg_info --egg-base ../build/action_recognition build --build-base /home/cayecaji/tfg_edge__GPU/src/build/action_recognition/build install --record /home/cayecaji/tfg_edge__GPU/src/build/action_recognition/install.log --single-version-externally-managed install_data
