running egg_info
creating ../build/action_recognition/action_recognition.egg-info
writing ../build/action_recognition/action_recognition.egg-info/PKG-INFO
writing dependency_links to ../build/action_recognition/action_recognition.egg-info/dependency_links.txt
writing entry points to ../build/action_recognition/action_recognition.egg-info/entry_points.txt
writing requirements to ../build/action_recognition/action_recognition.egg-info/requires.txt
writing top-level names to ../build/action_recognition/action_recognition.egg-info/top_level.txt
writing manifest file '../build/action_recognition/action_recognition.egg-info/SOURCES.txt'
reading manifest file '../build/action_recognition/action_recognition.egg-info/SOURCES.txt'
writing manifest file '../build/action_recognition/action_recognition.egg-info/SOURCES.txt'
running build
running build_py
creating /home/cayecaji/tfg/src/build/action_recognition/build
creating /home/cayecaji/tfg/src/build/action_recognition/build/lib
creating /home/cayecaji/tfg/src/build/action_recognition/build/lib/action_recognition
copying action_recognition/tracking_node.py -> /home/cayecaji/tfg/src/build/action_recognition/build/lib/action_recognition
copying action_recognition/__init__.py -> /home/cayecaji/tfg/src/build/action_recognition/build/lib/action_recognition
running install
running install_lib
creating /home/cayecaji/tfg/src/install/action_recognition/lib/python3.10/site-packages/action_recognition
copying /home/cayecaji/tfg/src/build/action_recognition/build/lib/action_recognition/tracking_node.py -> /home/cayecaji/tfg/src/install/action_recognition/lib/python3.10/site-packages/action_recognition
copying /home/cayecaji/tfg/src/build/action_recognition/build/lib/action_recognition/__init__.py -> /home/cayecaji/tfg/src/install/action_recognition/lib/python3.10/site-packages/action_recognition
byte-compiling /home/cayecaji/tfg/src/install/action_recognition/lib/python3.10/site-packages/action_recognition/tracking_node.py to tracking_node.cpython-310.pyc
byte-compiling /home/cayecaji/tfg/src/install/action_recognition/lib/python3.10/site-packages/action_recognition/__init__.py to __init__.cpython-310.pyc
running install_data
creating /home/cayecaji/tfg/src/install/action_recognition/share/ament_index
creating /home/cayecaji/tfg/src/install/action_recognition/share/ament_index/resource_index
creating /home/cayecaji/tfg/src/install/action_recognition/share/ament_index/resource_index/packages
copying resource/action_recognition -> /home/cayecaji/tfg/src/install/action_recognition/share/ament_index/resource_index/packages
copying package.xml -> /home/cayecaji/tfg/src/install/action_recognition/share/action_recognition
running install_egg_info
Copying ../build/action_recognition/action_recognition.egg-info to /home/cayecaji/tfg/src/install/action_recognition/lib/python3.10/site-packages/action_recognition-0.0.1-py3.10.egg-info
running install_scripts
Installing tracking_node script to /home/cayecaji/tfg/src/install/action_recognition/lib/action_recognition
writing list of installed files to '/home/cayecaji/tfg/src/build/action_recognition/install.log'
