[0.798s] Invoking command in '/home/cayecaji/tfg/src/action_recognition': PYTHONPATH=/home/cayecaji/tfg/src/build/action_recognition/prefix_override:/usr/lib/python3/dist-packages/colcon_core/task/python/colcon_distutils_commands:/home/cayecaji/tfg/src/install/action_recognition/lib/python3.10/site-packages:${PYTHONPATH} /usr/bin/python3 -W ignore:setup.py install is deprecated -W ignore:easy_install command is deprecated setup.py egg_info --egg-base ../build/action_recognition build --build-base /home/cayecaji/tfg/src/build/action_recognition/build install --record /home/cayecaji/tfg/src/build/action_recognition/install.log --single-version-externally-managed install_data
[0.925s] running egg_info
[0.925s] writing ../build/action_recognition/action_recognition.egg-info/PKG-INFO
[0.926s] writing dependency_links to ../build/action_recognition/action_recognition.egg-info/dependency_links.txt
[0.927s] writing entry points to ../build/action_recognition/action_recognition.egg-info/entry_points.txt
[0.927s] writing requirements to ../build/action_recognition/action_recognition.egg-info/requires.txt
[0.927s] writing top-level names to ../build/action_recognition/action_recognition.egg-info/top_level.txt
[0.928s] reading manifest file '../build/action_recognition/action_recognition.egg-info/SOURCES.txt'
[0.928s] writing manifest file '../build/action_recognition/action_recognition.egg-info/SOURCES.txt'
[0.928s] running build
[0.928s] running build_py
[0.928s] copying action_recognition/tracking_node.py -> /home/cayecaji/tfg/src/build/action_recognition/build/lib/action_recognition
[0.935s] copying action_recognition/action_recognition_core.py -> /home/cayecaji/tfg/src/build/action_recognition/build/lib/action_recognition
[0.939s] creating /home/cayecaji/tfg/src/build/action_recognition/build/lib/action_recognition/prompts
[0.939s] copying action_recognition/prompts/llm_voting_prompt.py -> /home/cayecaji/tfg/src/build/action_recognition/build/lib/action_recognition/prompts
[0.940s] copying action_recognition/prompts/llm_action_prediction_prompt.py -> /home/cayecaji/tfg/src/build/action_recognition/build/lib/action_recognition/prompts
[0.943s] copying action_recognition/prompts/lvlm_scene_description_prompt.py -> /home/cayecaji/tfg/src/build/action_recognition/build/lib/action_recognition/prompts
[0.944s] copying action_recognition/prompts/__init__.py -> /home/cayecaji/tfg/src/build/action_recognition/build/lib/action_recognition/prompts
[0.949s] running install
[0.949s] running install_lib
[0.950s] copying /home/cayecaji/tfg/src/build/action_recognition/build/lib/action_recognition/tracking_node.py -> /home/cayecaji/tfg/src/install/action_recognition/lib/python3.10/site-packages/action_recognition
[0.950s] creating /home/cayecaji/tfg/src/install/action_recognition/lib/python3.10/site-packages/action_recognition/prompts
[0.950s] copying /home/cayecaji/tfg/src/build/action_recognition/build/lib/action_recognition/prompts/llm_voting_prompt.py -> /home/cayecaji/tfg/src/install/action_recognition/lib/python3.10/site-packages/action_recognition/prompts
[0.950s] copying /home/cayecaji/tfg/src/build/action_recognition/build/lib/action_recognition/prompts/llm_action_prediction_prompt.py -> /home/cayecaji/tfg/src/install/action_recognition/lib/python3.10/site-packages/action_recognition/prompts
[0.950s] copying /home/cayecaji/tfg/src/build/action_recognition/build/lib/action_recognition/prompts/lvlm_scene_description_prompt.py -> /home/cayecaji/tfg/src/install/action_recognition/lib/python3.10/site-packages/action_recognition/prompts
[0.950s] copying /home/cayecaji/tfg/src/build/action_recognition/build/lib/action_recognition/prompts/__init__.py -> /home/cayecaji/tfg/src/install/action_recognition/lib/python3.10/site-packages/action_recognition/prompts
[0.950s] copying /home/cayecaji/tfg/src/build/action_recognition/build/lib/action_recognition/action_recognition_core.py -> /home/cayecaji/tfg/src/install/action_recognition/lib/python3.10/site-packages/action_recognition
[0.951s] byte-compiling /home/cayecaji/tfg/src/install/action_recognition/lib/python3.10/site-packages/action_recognition/tracking_node.py to tracking_node.cpython-310.pyc
[0.951s] byte-compiling /home/cayecaji/tfg/src/install/action_recognition/lib/python3.10/site-packages/action_recognition/prompts/llm_voting_prompt.py to llm_voting_prompt.cpython-310.pyc
[0.951s] byte-compiling /home/cayecaji/tfg/src/install/action_recognition/lib/python3.10/site-packages/action_recognition/prompts/llm_action_prediction_prompt.py to llm_action_prediction_prompt.cpython-310.pyc
[0.952s] byte-compiling /home/cayecaji/tfg/src/install/action_recognition/lib/python3.10/site-packages/action_recognition/prompts/lvlm_scene_description_prompt.py to lvlm_scene_description_prompt.cpython-310.pyc
[0.952s] byte-compiling /home/cayecaji/tfg/src/install/action_recognition/lib/python3.10/site-packages/action_recognition/prompts/__init__.py to __init__.cpython-310.pyc
[0.952s] byte-compiling /home/cayecaji/tfg/src/install/action_recognition/lib/python3.10/site-packages/action_recognition/action_recognition_core.py to action_recognition_core.cpython-310.pyc
[0.952s] running install_data
[0.953s] running install_egg_info
[0.953s] removing '/home/cayecaji/tfg/src/install/action_recognition/lib/python3.10/site-packages/action_recognition-0.0.1-py3.10.egg-info' (and everything under it)
[0.954s] Copying ../build/action_recognition/action_recognition.egg-info to /home/cayecaji/tfg/src/install/action_recognition/lib/python3.10/site-packages/action_recognition-0.0.1-py3.10.egg-info
[0.954s] running install_scripts
[0.964s] Installing action_recognition_core script to /home/cayecaji/tfg/src/install/action_recognition/lib/action_recognition
[0.964s] Installing hri_node script to /home/cayecaji/tfg/src/install/action_recognition/lib/action_recognition
[0.964s] Installing tracking_node script to /home/cayecaji/tfg/src/install/action_recognition/lib/action_recognition
[0.965s] writing list of installed files to '/home/cayecaji/tfg/src/build/action_recognition/install.log'
[0.975s] Invoked command in '/home/cayecaji/tfg/src/action_recognition' returned '0': PYTHONPATH=/home/cayecaji/tfg/src/build/action_recognition/prefix_override:/usr/lib/python3/dist-packages/colcon_core/task/python/colcon_distutils_commands:/home/cayecaji/tfg/src/install/action_recognition/lib/python3.10/site-packages:${PYTHONPATH} /usr/bin/python3 -W ignore:setup.py install is deprecated -W ignore:easy_install command is deprecated setup.py egg_info --egg-base ../build/action_recognition build --build-base /home/cayecaji/tfg/src/build/action_recognition/build install --record /home/cayecaji/tfg/src/build/action_recognition/install.log --single-version-externally-managed install_data
