[0.675s] Invoking command in '/home/cayecaji/tfg/src/action_recognition': PYTHONPATH=/home/cayecaji/tfg/build/action_recognition/prefix_override:/usr/lib/python3/dist-packages/colcon_core/task/python/colcon_distutils_commands:/home/cayecaji/tfg/install/action_recognition/lib/python3.10/site-packages:${PYTHONPATH} /usr/bin/python3 -W ignore:setup.py install is deprecated -W ignore:easy_install command is deprecated setup.py egg_info --egg-base ../../build/action_recognition build --build-base /home/cayecaji/tfg/build/action_recognition/build install --record /home/cayecaji/tfg/build/action_recognition/install.log --single-version-externally-managed install_data
[0.805s] running egg_info
[0.808s] creating ../../build/action_recognition/action_recognition.egg-info
[0.808s] writing ../../build/action_recognition/action_recognition.egg-info/PKG-INFO
[0.808s] writing dependency_links to ../../build/action_recognition/action_recognition.egg-info/dependency_links.txt
[0.808s] writing entry points to ../../build/action_recognition/action_recognition.egg-info/entry_points.txt
[0.808s] writing requirements to ../../build/action_recognition/action_recognition.egg-info/requires.txt
[0.808s] writing top-level names to ../../build/action_recognition/action_recognition.egg-info/top_level.txt
[0.808s] writing manifest file '../../build/action_recognition/action_recognition.egg-info/SOURCES.txt'
[0.808s] reading manifest file '../../build/action_recognition/action_recognition.egg-info/SOURCES.txt'
[0.808s] writing manifest file '../../build/action_recognition/action_recognition.egg-info/SOURCES.txt'
[0.810s] running build
[0.810s] running build_py
[0.810s] creating /home/cayecaji/tfg/build/action_recognition/build
[0.810s] creating /home/cayecaji/tfg/build/action_recognition/build/lib
[0.810s] creating /home/cayecaji/tfg/build/action_recognition/build/lib/action_recognition
[0.810s] copying action_recognition/tracking_node.py -> /home/cayecaji/tfg/build/action_recognition/build/lib/action_recognition
[0.810s] copying action_recognition/__init__.py -> /home/cayecaji/tfg/build/action_recognition/build/lib/action_recognition
[0.810s] running install
[0.810s] running install_lib
[0.810s] creating /home/cayecaji/tfg/install/action_recognition/lib/python3.10/site-packages/action_recognition
[0.811s] copying /home/cayecaji/tfg/build/action_recognition/build/lib/action_recognition/tracking_node.py -> /home/cayecaji/tfg/install/action_recognition/lib/python3.10/site-packages/action_recognition
[0.811s] copying /home/cayecaji/tfg/build/action_recognition/build/lib/action_recognition/__init__.py -> /home/cayecaji/tfg/install/action_recognition/lib/python3.10/site-packages/action_recognition
[0.811s] byte-compiling /home/cayecaji/tfg/install/action_recognition/lib/python3.10/site-packages/action_recognition/tracking_node.py to tracking_node.cpython-310.pyc
[0.811s] byte-compiling /home/cayecaji/tfg/install/action_recognition/lib/python3.10/site-packages/action_recognition/__init__.py to __init__.cpython-310.pyc
[0.811s] running install_data
[0.811s] creating /home/cayecaji/tfg/install/action_recognition/share/ament_index
[0.811s] creating /home/cayecaji/tfg/install/action_recognition/share/ament_index/resource_index
[0.811s] creating /home/cayecaji/tfg/install/action_recognition/share/ament_index/resource_index/packages
[0.812s] copying resource/action_recognition -> /home/cayecaji/tfg/install/action_recognition/share/ament_index/resource_index/packages
[0.812s] copying package.xml -> /home/cayecaji/tfg/install/action_recognition/share/action_recognition
[0.812s] running install_egg_info
[0.813s] Copying ../../build/action_recognition/action_recognition.egg-info to /home/cayecaji/tfg/install/action_recognition/lib/python3.10/site-packages/action_recognition-0.0.1-py3.10.egg-info
[0.813s] running install_scripts
[0.824s] writing list of installed files to '/home/cayecaji/tfg/build/action_recognition/install.log'
[0.838s] Invoked command in '/home/cayecaji/tfg/src/action_recognition' returned '0': PYTHONPATH=/home/cayecaji/tfg/build/action_recognition/prefix_override:/usr/lib/python3/dist-packages/colcon_core/task/python/colcon_distutils_commands:/home/cayecaji/tfg/install/action_recognition/lib/python3.10/site-packages:${PYTHONPATH} /usr/bin/python3 -W ignore:setup.py install is deprecated -W ignore:easy_install command is deprecated setup.py egg_info --egg-base ../../build/action_recognition build --build-base /home/cayecaji/tfg/build/action_recognition/build install --record /home/cayecaji/tfg/build/action_recognition/install.log --single-version-externally-managed install_data
