[0.388s] Invoking command in '/home/cayecaji/tfg_edge__GPU/src/action_recognition': PYTHONPATH=/home/cayecaji/tfg_edge__GPU/build/action_recognition/prefix_override:/usr/lib/python3/dist-packages/colcon_core/task/python/colcon_distutils_commands:/home/cayecaji/tfg_edge__GPU/install/action_recognition/lib/python3.10/site-packages:${PYTHONPATH} /usr/bin/python3 -W ignore:setup.py install is deprecated -W ignore:easy_install command is deprecated setup.py egg_info --egg-base ../../build/action_recognition build --build-base /home/cayecaji/tfg_edge__GPU/build/action_recognition/build install --record /home/cayecaji/tfg_edge__GPU/build/action_recognition/install.log --single-version-externally-managed install_data
[0.521s] running egg_info
[0.522s] writing ../../build/action_recognition/action_recognition.egg-info/PKG-INFO
[0.530s] writing dependency_links to ../../build/action_recognition/action_recognition.egg-info/dependency_links.txt
[0.530s] writing entry points to ../../build/action_recognition/action_recognition.egg-info/entry_points.txt
[0.530s] writing requirements to ../../build/action_recognition/action_recognition.egg-info/requires.txt
[0.530s] writing top-level names to ../../build/action_recognition/action_recognition.egg-info/top_level.txt
[0.531s] reading manifest file '../../build/action_recognition/action_recognition.egg-info/SOURCES.txt'
[0.532s] writing manifest file '../../build/action_recognition/action_recognition.egg-info/SOURCES.txt'
[0.532s] running build
[0.532s] running build_py
[0.532s] copying action_recognition/hri_node.py -> /home/cayecaji/tfg_edge__GPU/build/action_recognition/build/lib/action_recognition
[0.533s] copying action_recognition/action_recognition_core.py -> /home/cayecaji/tfg_edge__GPU/build/action_recognition/build/lib/action_recognition
[0.533s] creating /home/cayecaji/tfg_edge__GPU/build/action_recognition/build/lib/action_recognition/prompts
[0.533s] copying action_recognition/prompts/llm_voting_prompt.py -> /home/cayecaji/tfg_edge__GPU/build/action_recognition/build/lib/action_recognition/prompts
[0.533s] copying action_recognition/prompts/llm_action_prediction_prompt.py -> /home/cayecaji/tfg_edge__GPU/build/action_recognition/build/lib/action_recognition/prompts
[0.533s] copying action_recognition/prompts/lvlm_scene_description_prompt.py -> /home/cayecaji/tfg_edge__GPU/build/action_recognition/build/lib/action_recognition/prompts
[0.534s] copying action_recognition/prompts/__init__.py -> /home/cayecaji/tfg_edge__GPU/build/action_recognition/build/lib/action_recognition/prompts
[0.534s] running install
[0.534s] running install_lib
[0.535s] copying /home/cayecaji/tfg_edge__GPU/build/action_recognition/build/lib/action_recognition/hri_node.py -> /home/cayecaji/tfg_edge__GPU/install/action_recognition/lib/python3.10/site-packages/action_recognition
[0.535s] creating /home/cayecaji/tfg_edge__GPU/install/action_recognition/lib/python3.10/site-packages/action_recognition/prompts
[0.535s] copying /home/cayecaji/tfg_edge__GPU/build/action_recognition/build/lib/action_recognition/prompts/llm_voting_prompt.py -> /home/cayecaji/tfg_edge__GPU/install/action_recognition/lib/python3.10/site-packages/action_recognition/prompts
[0.535s] copying /home/cayecaji/tfg_edge__GPU/build/action_recognition/build/lib/action_recognition/prompts/llm_action_prediction_prompt.py -> /home/cayecaji/tfg_edge__GPU/install/action_recognition/lib/python3.10/site-packages/action_recognition/prompts
[0.535s] copying /home/cayecaji/tfg_edge__GPU/build/action_recognition/build/lib/action_recognition/prompts/lvlm_scene_description_prompt.py -> /home/cayecaji/tfg_edge__GPU/install/action_recognition/lib/python3.10/site-packages/action_recognition/prompts
[0.535s] copying /home/cayecaji/tfg_edge__GPU/build/action_recognition/build/lib/action_recognition/prompts/__init__.py -> /home/cayecaji/tfg_edge__GPU/install/action_recognition/lib/python3.10/site-packages/action_recognition/prompts
[0.535s] copying /home/cayecaji/tfg_edge__GPU/build/action_recognition/build/lib/action_recognition/action_recognition_core.py -> /home/cayecaji/tfg_edge__GPU/install/action_recognition/lib/python3.10/site-packages/action_recognition
[0.535s] byte-compiling /home/cayecaji/tfg_edge__GPU/install/action_recognition/lib/python3.10/site-packages/action_recognition/hri_node.py to hri_node.cpython-310.pyc
[0.536s] byte-compiling /home/cayecaji/tfg_edge__GPU/install/action_recognition/lib/python3.10/site-packages/action_recognition/prompts/llm_voting_prompt.py to llm_voting_prompt.cpython-310.pyc
[0.536s] byte-compiling /home/cayecaji/tfg_edge__GPU/install/action_recognition/lib/python3.10/site-packages/action_recognition/prompts/llm_action_prediction_prompt.py to llm_action_prediction_prompt.cpython-310.pyc
[0.537s] byte-compiling /home/cayecaji/tfg_edge__GPU/install/action_recognition/lib/python3.10/site-packages/action_recognition/prompts/lvlm_scene_description_prompt.py to lvlm_scene_description_prompt.cpython-310.pyc
[0.537s] byte-compiling /home/cayecaji/tfg_edge__GPU/install/action_recognition/lib/python3.10/site-packages/action_recognition/prompts/__init__.py to __init__.cpython-310.pyc
[0.537s] byte-compiling /home/cayecaji/tfg_edge__GPU/install/action_recognition/lib/python3.10/site-packages/action_recognition/action_recognition_core.py to action_recognition_core.cpython-310.pyc
[0.538s] running install_data
[0.538s] creating /home/cayecaji/tfg_edge__GPU/install/action_recognition/share/action_recognition/launch
[0.538s] running install_egg_info
[0.539s] removing '/home/cayecaji/tfg_edge__GPU/install/action_recognition/lib/python3.10/site-packages/action_recognition-0.0.1-py3.10.egg-info' (and everything under it)
[0.539s] Copying ../../build/action_recognition/action_recognition.egg-info to /home/cayecaji/tfg_edge__GPU/install/action_recognition/lib/python3.10/site-packages/action_recognition-0.0.1-py3.10.egg-info
[0.540s] running install_scripts
[0.551s] Installing action_recognition_core script to /home/cayecaji/tfg_edge__GPU/install/action_recognition/lib/action_recognition
[0.551s] Installing hri_node script to /home/cayecaji/tfg_edge__GPU/install/action_recognition/lib/action_recognition
[0.551s] Installing tracking_node script to /home/cayecaji/tfg_edge__GPU/install/action_recognition/lib/action_recognition
[0.551s] writing list of installed files to '/home/cayecaji/tfg_edge__GPU/build/action_recognition/install.log'
[0.563s] Invoked command in '/home/cayecaji/tfg_edge__GPU/src/action_recognition' returned '0': PYTHONPATH=/home/cayecaji/tfg_edge__GPU/build/action_recognition/prefix_override:/usr/lib/python3/dist-packages/colcon_core/task/python/colcon_distutils_commands:/home/cayecaji/tfg_edge__GPU/install/action_recognition/lib/python3.10/site-packages:${PYTHONPATH} /usr/bin/python3 -W ignore:setup.py install is deprecated -W ignore:easy_install command is deprecated setup.py egg_info --egg-base ../../build/action_recognition build --build-base /home/cayecaji/tfg_edge__GPU/build/action_recognition/build install --record /home/cayecaji/tfg_edge__GPU/build/action_recognition/install.log --single-version-externally-managed install_data
