[0.657s] Invoking command in '/home/cayecaji/tfg/src/action_recognition': PYTHONPATH=/home/cayecaji/tfg/src/build/action_recognition/prefix_override:/usr/lib/python3/dist-packages/colcon_core/task/python/colcon_distutils_commands:/home/cayecaji/tfg/src/install/action_recognition/lib/python3.10/site-packages:${PYTHONPATH} /usr/bin/python3 -W ignore:setup.py install is deprecated -W ignore:easy_install command is deprecated setup.py egg_info --egg-base ../build/action_recognition build --build-base /home/cayecaji/tfg/src/build/action_recognition/build install --record /home/cayecaji/tfg/src/build/action_recognition/install.log --single-version-externally-managed install_data
[0.775s] running egg_info
[0.775s] writing ../build/action_recognition/action_recognition.egg-info/PKG-INFO
[0.775s] writing dependency_links to ../build/action_recognition/action_recognition.egg-info/dependency_links.txt
[0.776s] writing entry points to ../build/action_recognition/action_recognition.egg-info/entry_points.txt
[0.776s] writing requirements to ../build/action_recognition/action_recognition.egg-info/requires.txt
[0.776s] writing top-level names to ../build/action_recognition/action_recognition.egg-info/top_level.txt
[0.777s] reading manifest file '../build/action_recognition/action_recognition.egg-info/SOURCES.txt'
[0.778s] writing manifest file '../build/action_recognition/action_recognition.egg-info/SOURCES.txt'
[0.778s] running build
[0.778s] running build_py
[0.778s] running install
[0.778s] running install_lib
[0.779s] running install_data
[0.779s] running install_egg_info
[0.780s] removing '/home/cayecaji/tfg/src/install/action_recognition/lib/python3.10/site-packages/action_recognition-0.0.1-py3.10.egg-info' (and everything under it)
[0.780s] Copying ../build/action_recognition/action_recognition.egg-info to /home/cayecaji/tfg/src/install/action_recognition/lib/python3.10/site-packages/action_recognition-0.0.1-py3.10.egg-info
[0.781s] running install_scripts
[0.791s] Installing action_recognition_core script to /home/cayecaji/tfg/src/install/action_recognition/lib/action_recognition
[0.791s] Installing tracking_node script to /home/cayecaji/tfg/src/install/action_recognition/lib/action_recognition
[0.791s] writing list of installed files to '/home/cayecaji/tfg/src/build/action_recognition/install.log'
[0.803s] Invoked command in '/home/cayecaji/tfg/src/action_recognition' returned '0': PYTHONPATH=/home/cayecaji/tfg/src/build/action_recognition/prefix_override:/usr/lib/python3/dist-packages/colcon_core/task/python/colcon_distutils_commands:/home/cayecaji/tfg/src/install/action_recognition/lib/python3.10/site-packages:${PYTHONPATH} /usr/bin/python3 -W ignore:setup.py install is deprecated -W ignore:easy_install command is deprecated setup.py egg_info --egg-base ../build/action_recognition build --build-base /home/cayecaji/tfg/src/build/action_recognition/build install --record /home/cayecaji/tfg/src/build/action_recognition/install.log --single-version-externally-managed install_data
